version: 1
creator: callgrind-3.6.1-Debian
positions: instr line
events: Average Max


fl=/homes/za1610/indProject/DynamoRIO/tests/main.c
fn=DoTheSummation
0x400bbb 128 0 0 skewness 0.0000000000000 mean 0.0000000000000
0x400b6a 128 0 0 skewness 0.0000000000000 mean 0.0000000000000
fl=/homes/za1610/indProject/DynamoRIO/tests/main.c
fn=fsumDown
0x40080e 59 12 23 skewness 0.6262419684813 mean 0.3650849609375
fl=/homes/za1610/indProject/DynamoRIO/tests/main.c
fn=fsumRecursive
0x400a85 112 0 2 skewness 41.0223703100781 mean 0.0012229738599
fl=/homes/za1610/indProject/DynamoRIO/tests/main.c
fn=fsumUp
0x4007b8 50 12 23 skewness 0.6480638717370 mean 0.3585811523438
fl=/homes/za1610/indProject/DynamoRIO/tests/main.c
fn=kahan_summationDown
0x4009be 101 0 14 skewness 0.0000000000000 mean 0.0000000000000
0x4009a0 99 14 23 skewness 0.0000000000000 mean 0.0000000000000
0x4009af 100 12 23 skewness 0.5693802651687 mean 0.3695159179688
0x4009c3 101 0 1 skewness 0.0000000000000 mean 0.0000000000000
fl=/homes/za1610/indProject/DynamoRIO/tests/main.c
fn=kahan_summationUp
0x40092c 88 12 22 skewness 0.6351443688061 mean 0.3564029296875
0x40093b 89 0 14 skewness 0.0000000000000 mean 0.0000000000000
0x40091d 87 14 23 skewness 0.0000000000000 mean 0.0000000000000
0x400940 89 0 1 skewness 0.0000000000000 mean 0.0000000000000
fl=/homes/za1610/indProject/DynamoRIO/tests/main.c
fn=rand_FloatRange
0x400652 19 1 14 skewness 2.8674240104255 mean 0.0000340808511
0x40062e 19 0 0 skewness 0.0000000000000 mean 0.0000000000000
