version: 1
creator: callgrind-3.6.1-Debian
positions: instr line
events: Average Max


fl=/homes/za1610/indProject/DynamoRIO/tests/main.c
fn=DoTheSummation
0x400bbb 128 0 0 skewness 0.0000000000000 mean 0.0000000000000
0x400b6a 128 0 0 skewness 0.0000000000000 mean 0.0000000000000
fl=/homes/za1610/indProject/DynamoRIO/tests/main.c
fn=fsumDown
0x40080e 59 12 23 skewness 0.8672421082662 mean 0.0000389275849
fl=/homes/za1610/indProject/DynamoRIO/tests/main.c
fn=fsumRecursive
0x400a85 112 0 3 skewness 55.0612987859501 mean 0.0000001093676
fl=/homes/za1610/indProject/DynamoRIO/tests/main.c
fn=fsumUp
0x4007b8 50 12 23 skewness 0.9052647818547 mean 0.0000377862513
fl=/homes/za1610/indProject/DynamoRIO/tests/main.c
fn=kahan_summationDown
0x4009be 101 0 1 skewness 0.0000000000000 mean 0.0000000000000
0x4009a0 99 14 23 skewness 0.0000000000000 mean 0.0000000000000
0x4009af 100 12 24 skewness 0.8419498015093 mean 0.0000396868646
0x4009c3 101 0 1 skewness 0.0000000000000 mean 0.0000000000000
fl=/homes/za1610/indProject/DynamoRIO/tests/main.c
fn=kahan_summationUp
0x40092c 88 12 23 skewness 0.8967798076781 mean 0.0000380756915
0x40093b 89 0 3 skewness 0.0000000000000 mean 0.0000000000000
0x40091d 87 14 23 skewness 0.0000000000000 mean 0.0000000000000
0x400940 89 0 1 skewness 0.0000000000000 mean 0.0000000000000
fl=/homes/za1610/indProject/DynamoRIO/tests/main.c
fn=rand_FloatRange
0x400652 19 1 15 skewness 2.3296082267054 mean 0.0000000035424
0x40062e 19 0 0 skewness 0.0000000000000 mean 0.0000000000000
