version: 1
creator: callgrind-3.6.1-Debian
positions: instr line
events: Average Max


fl=/homes/za1610/indProject/DynamoRIO/tests/main.c
fn=DoTheSummation
0x400bbb 128 0 0 skewness 0.0000000000000 mean 0.0000000000000
0x400b6a 128 0 0 skewness 0.0000000000000 mean 0.0000000000000
fl=/homes/za1610/indProject/DynamoRIO/tests/main.c
fn=fsumDown
0x40080e 59 9 18 skewness 0.8925567460964 mean 0.0398261718750
fl=/homes/za1610/indProject/DynamoRIO/tests/main.c
fn=fsumRecursive
0x400a85 112 0 4 skewness 15.9000953756419 mean 0.0008465496747
fl=/homes/za1610/indProject/DynamoRIO/tests/main.c
fn=fsumUp
0x4007b8 50 9 18 skewness 0.8989352382895 mean 0.0395781250000
fl=/homes/za1610/indProject/DynamoRIO/tests/main.c
fn=kahan_summationDown
0x4009be 101 0 14 skewness 0.0000000000000 mean 0.0000000000000
0x4009a0 99 17 23 skewness 0.0000000000000 mean 0.0000000000000
0x4009c3 101 0 0 skewness 0.0000000000000 mean 0.0000000000000
0x4009af 100 9 18 skewness 0.9979494744689 mean 0.0377021484375
fl=/homes/za1610/indProject/DynamoRIO/tests/main.c
fn=kahan_summationUp
0x40092c 88 9 18 skewness 0.8866283566334 mean 0.0384736328125
0x40093b 89 0 14 skewness 0.0000000000000 mean 0.0000000000000
0x40091d 87 17 23 skewness 0.0000000000000 mean 0.0000000000000
0x400940 89 0 0 skewness 0.0000000000000 mean 0.0000000000000
fl=/homes/za1610/indProject/DynamoRIO/tests/main.c
fn=rand_FloatRange
0x400652 19 1 12 skewness 2.6581964216499 mean 0.0000364313126
0x40062e 19 0 0 skewness 0.0000000000000 mean 0.0000000000000
