version: 1
creator: callgrind-3.6.1-Debian
positions: instr line
events: Average Max


fl=/homes/za1610/indProject/DynamoRIO/tests/main.c
fn=DoTheSummation
0x400bbb 128 0 0 skewness 0.0000000000000 mean 0.0000000000000
0x400b6a 128 0 0 skewness 0.0000000000000 mean 0.0000000000000
fl=/homes/za1610/indProject/DynamoRIO/tests/main.c
fn=fsumDown
0x40080e 59 7 16 skewness 1.0586429897208 mean 0.0111536132813
fl=/homes/za1610/indProject/DynamoRIO/tests/main.c
fn=fsumRecursive
0x400a85 112 2 13 skewness 19.3246221288874 mean 0.0001522613199
fl=/homes/za1610/indProject/DynamoRIO/tests/main.c
fn=fsumUp
0x4007b8 50 5 17 skewness 2.2252031068458 mean 0.0037508789063
fl=/homes/za1610/indProject/DynamoRIO/tests/main.c
fn=kahan_summationDown
0x4009be 101 0 14 skewness 99.9849993749038 mean 0.0000000488281
0x4009a0 99 19 24 skewness 4.0585430865532 mean 0.0000251464844
0x4009af 100 7 16 skewness 1.0662477853616 mean 0.0110511718750
0x4009c3 101 0 1 skewness 0.0000000000000 mean 0.0000000000000
fl=/homes/za1610/indProject/DynamoRIO/tests/main.c
fn=kahan_summationUp
0x40092c 88 5 17 skewness 2.2186957471654 mean 0.0038024414063
0x40093b 89 0 14 skewness 37.7567494504247 mean 0.0000003417969
0x40091d 87 19 24 skewness 4.1055043643047 mean 0.0000246582031
0x400940 89 0 0 skewness 0.0000000000000 mean 0.0000000000000
fl=/homes/za1610/indProject/DynamoRIO/tests/main.c
fn=rand_FloatRange
0x400652 19 1 14 skewness 2.8674240104255 mean 0.0000340808511
0x40062e 19 0 0 skewness 0.0000000000000 mean 0.0000000000000
