version: 1
creator: callgrind-3.6.1-Debian
positions: instr line
events: Average Max


fl=/homes/za1610/indProject/DynamoRIO/tests/main.c
fn=DoTheSummation
0x400bbb 128 0 0 skewness 0.0000000000000 mean 0.0000000000000
0x400b6a 128 0 0 skewness 0.0000000000000 mean 0.0000000000000
fl=/homes/za1610/indProject/DynamoRIO/tests/main.c
fn=fsumDown
0x40080e 59 4 13 skewness 0.9834872098355 mean 0.0020214843750
fl=/homes/za1610/indProject/DynamoRIO/tests/main.c
fn=fsumRecursive
0x400a85 112 2 10 skewness 5.1261418054616 mean 0.0001300128253
fl=/homes/za1610/indProject/DynamoRIO/tests/main.c
fn=fsumUp
0x4007b8 50 4 14 skewness 0.9941542893500 mean 0.0017089843750
fl=/homes/za1610/indProject/DynamoRIO/tests/main.c
fn=kahan_summationDown
0x4009be 101 0 13 skewness 31.5753226586994 mean 0.0000004882813
0x4009a0 99 19 24 skewness 4.3896859387739 mean 0.0000219726563
0x4009c3 101 0 0 skewness 0.0000000000000 mean 0.0000000000000
0x4009af 100 4 13 skewness 1.1334327229319 mean 0.0019536132813
fl=/homes/za1610/indProject/DynamoRIO/tests/main.c
fn=kahan_summationUp
0x40092c 88 4 14 skewness 1.1853103118524 mean 0.0017143554688
0x40093b 89 0 14 skewness 31.5753226586998 mean 0.0000004882813
0x40091d 87 19 24 skewness 4.3896859387739 mean 0.0000219726563
0x400940 89 0 0 skewness 0.0000000000000 mean 0.0000000000000
fl=/homes/za1610/indProject/DynamoRIO/tests/main.c
fn=rand_FloatRange
0x400652 19 1 12 skewness 2.6581964216499 mean 0.0000364313126
0x40062e 19 0 0 skewness 0.0000000000000 mean 0.0000000000000
