version: 1
creator: callgrind-3.6.1-Debian
positions: instr line
events: Average Max


fl=/homes/za1610/indProject/DynamoRIO/tests/main.c
fn=DoTheSummation
0x400bbb 128 0 0 skewness 0.0000000000000 mean 0.0000000000000
0x400b6a 128 0 0 skewness 0.0000000000000 mean 0.0000000000000
fl=/homes/za1610/indProject/DynamoRIO/tests/main.c
fn=fsumDown
0x40080e 59 7 16 skewness 1.2632548543496 mean 0.0010047943115
fl=/homes/za1610/indProject/DynamoRIO/tests/main.c
fn=fsumRecursive
0x400a85 112 2 13 skewness 12.5536455385564 mean 0.0000140059172
fl=/homes/za1610/indProject/DynamoRIO/tests/main.c
fn=fsumUp
0x4007b8 50 5 16 skewness 1.6863772871128 mean 0.0003659393311
fl=/homes/za1610/indProject/DynamoRIO/tests/main.c
fn=kahan_summationDown
0x4009be 101 0 10 skewness 0.0000000000000 mean 0.0000000000000
0x4009a0 99 19 24 skewness 13.3724983542868 mean 0.0000001678467
0x4009af 100 7 16 skewness 1.2789744061488 mean 0.0010080780029
0x4009c3 101 0 0 skewness 0.0000000000000 mean 0.0000000000000
fl=/homes/za1610/indProject/DynamoRIO/tests/main.c
fn=kahan_summationUp
0x40092c 88 5 16 skewness 1.7167121303065 mean 0.0003666992188
0x40093b 89 0 10 skewness 0.0000000000000 mean 0.0000000000000
0x40091d 87 19 24 skewness 13.3724983542861 mean 0.0000001678467
0x400940 89 0 0 skewness 0.0000000000000 mean 0.0000000000000
fl=/homes/za1610/indProject/DynamoRIO/tests/main.c
fn=rand_FloatRange
0x400652 19 1 14 skewness 2.4008070939038 mean 0.0000034599766
0x40062e 19 0 0 skewness 0.0000000000000 mean 0.0000000000000
